// Vitest Snapshot v1, https://vitest.dev/guide/snapshot.html

exports[`renderEmailHtml — snapshot > matches the approved signature layout 1`] = `
"<!DOCTYPE html PUBLIC "-//W3C//DTD XHTML 1.0 Transitional//EN" "http://www.w3.org/TR/xhtml1/DTD/xhtml1-transitional.dtd">
<html xmlns="http://www.w3.org/1999/xhtml">
<head>
<meta http-equiv="Content-Type" content="text/html; charset=UTF-8" />
<meta name="viewport" content="width=device-width, initial-scale=1" />
<meta name="color-scheme" content="light only" />
<meta name="supported-color-schemes" content="light only" />
<title>Blank's Sports Nutrition</title>
</head>
<body style="margin:0;padding:0;background-color:#f4f4f5;">
<table role="presentation" cellpadding="0" cellspacing="0" border="0" width="100%" style="background-color:#f4f4f5;border-collapse:collapse;">
  <tr>
    <td align="center" style="padding:24px 12px;background-color:#f4f4f5;">
      <table role="presentation" cellpadding="0" cellspacing="0" border="0" width="600" style="width:600px;max-width:600px;background-color:#ffffff;border-collapse:collapse;">
        <tr>
          <td style="padding:24px;background-color:#ffffff;color:#1a1a1a;font-family:-apple-system,BlinkMacSystemFont,'Segoe UI',Roboto,Helvetica,Arial,sans-serif;font-size:15px;line-height:1.6;">
            <table role="presentation" cellpadding="0" cellspacing="0" border="0" width="100%" style="border-collapse:collapse;">
              <tr>
                <td style="padding:0;background-color:#ffffff;color:#1a1a1a;font-size:15px;line-height:1.6;">
<p>Hey Sam,</p><p>Your order shipped this morning.</p>
                </td>
              </tr>
      <tr>
        <td style="padding:18px 0 0 0;background-color:#ffffff;">
          <table role="presentation" cellpadding="0" cellspacing="0" border="0" width="100%" style="border-collapse:collapse;">
            <tr><td style="padding:0 0 12px 0;background-color:#ffffff;border-top:1px solid #e5e5e5;font-size:0;line-height:0;">&nbsp;</td></tr>
            <tr><td style="padding:0 0 4px 0;background-color:#ffffff;color:#1a1a1a;font-size:15px;line-height:1.4;font-weight:600;">Michael Arishita</td></tr>
            <tr><td style="padding:0;background-color:#ffffff;color:#666666;font-size:14px;line-height:1.5;">Founder/CEO</td></tr>
            <tr><td style="padding:0;background-color:#ffffff;color:#666666;font-size:14px;line-height:1.5;">+1 555 0100</td></tr>
            <tr><td style="padding:0;background-color:#ffffff;font-size:14px;line-height:1.5;"><a href="https://blankssportsnutrition.com" style="color:#0061ff;text-decoration:none;">blankssportsnutrition.com</a></td></tr>
            <tr><td style="padding:12px 0 0 0;background-color:#ffffff;"><img src="https://cdn.example.com/logo.png" alt="Blank's Sports Nutrition" width="240" height="60" style="display:block;border:0;outline:none;text-decoration:none;max-width:240px;width:100%;height:auto;" /></td></tr>
          </table>
        </td>
      </tr>
            </table>
          </td>
        </tr>
      </table>
    </td>
  </tr>
</table>
</body>
</html>"
`;
